run by RedefTest
-> This is a redef fromStart 10<-
run by RedefTest
-> This is a redef fromStart 10<-
run by RedefTest
-> This is a redef fromStart 10<-
run by RedefTest
-> This is a redef fromStart 10<-
count: 4
