run by main
run by main
TMPProxyTests.java.io.ProxySerializable@7090f19c
class TMPProxyTests.java.io.ProxySerializable
Hello t and t
run by main
-> This is a redef <-