Hello
Hello Alex and Toto
Hello
Hello Alex and Toto