run by main
run by with redef
modified run
run by with redef
modified run
added